<html>
<body>
<pre>
<h1>礦ision Build Log</h1>
<h2>Project:</h2>
F:\百度云同步盘\0 技术\0 开发板\stm32f10x标准例程\stm32f10x（基本功能版本）\Project\STM32_DEMO.uvproj
Project File Date:  09/03/2014

<h2>Output:</h2>
Build target 'Target 1'
assembling startup_stm32f10x_md.s...
compiling stm32f10x_it.c...
..\Drive\tim.h(9): warning:  #1-D: last line of file ends without a newline
compiling main.c...
..\Drive\tim.h(9): warning:  #1-D: last line of file ends without a newline
main.c(30): warning:  #177-D: variable "i" was declared but never referenced
main.c(30): warning:  #177-D: variable "j" was declared but never referenced
main.c(31): warning:  #177-D: variable "ss" was declared but never referenced
compiling misc.c...
compiling stm32f10x_adc.c...
compiling stm32f10x_bkp.c...
compiling stm32f10x_can.c...
compiling stm32f10x_cec.c...
compiling stm32f10x_crc.c...
compiling stm32f10x_dac.c...
compiling stm32f10x_dbgmcu.c...
compiling stm32f10x_dma.c...
compiling stm32f10x_exti.c...
compiling stm32f10x_flash.c...
compiling stm32f10x_fsmc.c...
compiling stm32f10x_gpio.c...
compiling stm32f10x_i2c.c...
compiling stm32f10x_iwdg.c...
compiling stm32f10x_pwr.c...
compiling stm32f10x_rcc.c...
compiling stm32f10x_rtc.c...
compiling stm32f10x_sdio.c...
compiling stm32f10x_spi.c...
compiling stm32f10x_tim.c...
compiling stm32f10x_usart.c...
compiling stm32f10x_wwdg.c...
compiling system_stm32f10x.c...
compiling core_cm3.c...
compiling delay.c...
compiling SPI.c...
compiling exti.c...
compiling UART1.c...
compiling adc.c...
compiling tim.c...
..\Drive\tim.h(9): warning:  #1-D: last line of file ends without a newline
..\Drive\tim.c(159): warning:  #1-D: last line of file ends without a newline
..\Drive\tim.c(99): warning:  #177-D: variable "Channel2Pulse" was declared but never referenced
compiling flash.c...
linking...
Program Size: Code=3664 RO-data=268 RW-data=56 ZI-data=1632  
FromELF: creating hex file...
"..\Output\STM32_DEMO.axf" - 0 Errors, 8 Warning(s).
Build target 'Target 1'
compiling flash.c...
..\Drive\flash.c(33): warning:  #223-D: function "EE_Init" declared implicitly
linking...
..\Output\STM32_DEMO.axf: Error: L6218E: Undefined symbol EE_Init (referred from flash.o).
"..\Output\STM32_DEMO.axf" - 1 Errors, 1 Warning(s).
Target not created
