<html>
<body>
<pre>
<h1>µVision Build Log</h1>
<h2>Project:</h2>
C:\Users\shentq\Desktop\stm32f10x\Project\STM32_DEMO.uvproj
Project File Date:  05/28/2014

<h2>Output:</h2>
Build target 'Target 1'
assembling startup_stm32f10x_md.s...
compiling stm32f10x_it.c...
tim.h(9): warning:  #1-D: last line of file ends without a newline
compiling main.c...
tim.h(9): warning:  #1-D: last line of file ends without a newline
main.c(30): warning:  #177-D: variable "j" was declared but never referenced
main.c(31): warning:  #177-D: variable "ss" was declared but never referenced
compiling misc.c...
compiling stm32f10x_adc.c...
compiling stm32f10x_bkp.c...
compiling stm32f10x_can.c...
compiling stm32f10x_cec.c...
compiling stm32f10x_crc.c...
compiling stm32f10x_dac.c...
compiling stm32f10x_dbgmcu.c...
compiling stm32f10x_dma.c...
compiling stm32f10x_exti.c...
compiling stm32f10x_flash.c...
compiling stm32f10x_fsmc.c...
compiling stm32f10x_gpio.c...
compiling stm32f10x_i2c.c...
compiling stm32f10x_iwdg.c...
compiling stm32f10x_pwr.c...
compiling stm32f10x_rcc.c...
compiling stm32f10x_rtc.c...
compiling stm32f10x_sdio.c...
compiling stm32f10x_spi.c...
compiling stm32f10x_tim.c...
compiling stm32f10x_usart.c...
compiling stm32f10x_wwdg.c...
compiling system_stm32f10x.c...
compiling core_cm3.c...
compiling delay.c...
compiling SPI.c...
compiling exti.c...
compiling adc.c...
compiling tim.c...
tim.h(9): warning:  #1-D: last line of file ends without a newline
tim.c(159): warning:  #1-D: last line of file ends without a newline
tim.c(99): warning:  #177-D: variable "Channel2Pulse" was declared but never referenced
compiling UART1.c...
linking...
Program Size: Code=11920 RO-data=444 RW-data=64 ZI-data=1832  
FromELF: creating hex file...
"..\Output\STM32_DEMO.axf" - 0 Error(s), 7 Warning(s).
Load "..\\Output\\STM32_DEMO.axf" 
Set JLink Project File to "C:\Users\shentq\Desktop\stm32f10x\Project\JLinkSettings.ini"
* JLink Info: Device "STM32F103C8" selected (64 KB flash, 20 KB RAM).
 
JLink info:
------------
DLL: V4.68a, compiled Apr 12 2013 13:26:50
Firmware: J-Link ARM-OB STM32 compiled Aug 22 2012 19:52:04
Hardware: V7.00
S/N : 20090928 
Feature(s) : RDI,FlashDL,FlashBP,JFlash,GDBFull 
 
* JLink Info: Found SWD-DP with ID 0x1BA01477
* JLink Info: Found SWD-DP with ID 0x1BA01477
* JLink Info: TPIU fitted.
* JLink Info: FPUnit: 6 code (BP) slots and 2 literal slots
* JLink Info: Found Cortex-M3 r1p1, Little endian.
ROMTableAddr = 0xE00FF003
 
Target info:
------------
Device: STM32F103C8
VTarget = 3.300V
State of Pins: 
TCK: 0, TDI: 1, TDO: 1, TMS: 0, TRES: 1, TRST: 1
Hardware-Breakpoints: 6
Software-Breakpoints: 8192
Watchpoints:          4
JTAG speed: 50 kHz
 
Erase Done.
Programming Done.
Verify OK.
Application running ...
